<?xml version="1.0" encoding="utf-8"?>
<T619Transmission xmlns="http://www.cra-arc.gc.ca/xmlns/efile/t619/1.0">
  <sbmt_ref_id>CERTX999</sbmt_ref_id>
  <Environment>CERT</Environment>
  <SoftwareId>TAXAPP-CERT</SoftwareId>
  <SoftwareVersion>0.0.3</SoftwareVersion>
  <TransmitterId>900000</TransmitterId>
  <Payload>UEsDBBQAAAAAAAAAIVCg5jXaVAIAAFQCAAAVAAAAVDE4M0F1dGhvcml6YXRpb24ueG1sPD94bWwgdmVyc2lvbj0iMS4wIiBlbmNvZGluZz0idXRmLTgiPz4KPFQxODNBdXRob3JpemF0aW9uIHhtbG5zPSJodHRwOi8vd3d3LmNyYS1hcmMuZ2MuY2EveG1sbnMvZWZpbGUvdDE4My8xLjAiPgogIDxUYXhwYXllclNJTk1hc2tlZD4qKiotKioqLTQyODY8L1RheHBheWVyU0lOTWFza2VkPgogIDxUYXhwYXllck5hbWU+CiAgICA8Rmlyc3ROYW1lPlRlc3Q8L0ZpcnN0TmFtZT4KICAgIDxMYXN0TmFtZT5Vc2VyPC9MYXN0TmFtZT4KICA8L1RheHBheWVyTmFtZT4KICA8VGF4cGF5ZXJET0I+MTk5MC0wMS0wMTwvVGF4cGF5ZXJET0I+CiAgPFNpZ25hdHVyZT4KICAgIDxTaWduZWRBdD4yMDI1LTAyLTE1VDA5OjAwOjAwPC9TaWduZWRBdD4KICAgIDxFeHBpcmVzQXQ+MjAzMS0wMi0xNVQwOTowMDowMDwvRXhwaXJlc0F0PgogICAgPElQQWRkcmVzcz5oYXNoLWlwPC9JUEFkZHJlc3M+CiAgICA8VXNlckFnZW50SGFzaD5oYXNoLXVhPC9Vc2VyQWdlbnRIYXNoPgogIDwvU2lnbmF0dXJlPgogIDxDb25zZW50PgogICAgPERvY3VtZW50UGF0aD4vdG1wL3QxODMucGRmPC9Eb2N1bWVudFBhdGg+CiAgPC9Db25zZW50Pgo8L1QxODNBdXRob3JpemF0aW9uPgpQSwMEFAAAAAAAAAAhUG96vMMwAwAAMAMAAAwAAABUMVJldHVybi54bWw8P3htbCB2ZXJzaW9uPSIxLjAiIGVuY29kaW5nPSJ1dGYtOCI/Pgo8VDFSZXR1cm4geG1sbnM9Imh0dHA6Ly93d3cuY3JhLWFyYy5nYy5jYS94bWxucy9lZmlsZS90MS8xLjAiPgogIDxUYXhZZWFyPjIwMjU8L1RheFllYXI+CiAgPFRheHBheWVyPgogICAgPFNJTj4wNDY0NTQyODY8L1NJTj4KICAgIDxGaXJzdE5hbWU+VGVzdDwvRmlyc3ROYW1lPgogICAgPExhc3ROYW1lPlVzZXI8L0xhc3ROYW1lPgogICAgPERhdGVPZkJpcnRoPjE5OTAtMDEtMDE8L0RhdGVPZkJpcnRoPgogICAgPEFkZHJlc3M+CiAgICAgIDxMaW5lMT4xIE1haW4gU3Q8L0xpbmUxPgogICAgICA8Q2l0eT5Ub3JvbnRvPC9DaXR5PgogICAgICA8UHJvdmluY2U+T048L1Byb3ZpbmNlPgogICAgICA8UG9zdGFsQ29kZT5NMU0xTTE8L1Bvc3RhbENvZGU+CiAgICA8L0FkZHJlc3M+CiAgICA8UmVzaWRlbmN5U3RhdHVzPnJlc2lkZW50PC9SZXNpZGVuY3lTdGF0dXM+CiAgPC9UYXhwYXllcj4KICA8SG91c2Vob2xkPgogICAgPE1hcml0YWxTdGF0dXM+c2luZ2xlPC9NYXJpdGFsU3RhdHVzPgogIDwvSG91c2Vob2xkPgogIDxMaW5lSXRlbXM+CiAgICA8SW5jb21lVG90YWw+NjAwMDAuMDA8L0luY29tZVRvdGFsPgogICAgPFRheGFibGVJbmNvbWU+NjAwMDAuMDA8L1RheGFibGVJbmNvbWU+CiAgICA8RmVkZXJhbFRheD44ODU3LjUwPC9GZWRlcmFsVGF4PgogICAgPFByb3ZpbmNpYWxUYXg+MzMyMS42NzwvUHJvdmluY2lhbFRheD4KICA8L0xpbmVJdGVtcz4KICA8VG90YWxzPgogICAgPE5ldFRheD4xMjQ5Ni43NDwvTmV0VGF4PgogIDwvVG90YWxzPgo8L1QxUmV0dXJuPgpQSwECFAMUAAAAAAAAACFQoOY12lQCAABUAgAAFQAAAAAAAAAAAAAAgAEAAAAAVDE4M0F1dGhvcml6YXRpb24ueG1sUEsBAhQDFAAAAAAAAAAhUG96vMMwAwAAMAMAAAwAAAAAAAAAAAAAAIABhwIAAFQxUmV0dXJuLnhtbFBLBQYAAAAAAgACAH0AAADhBQAAAAA=</Payload>
</T619Transmission>
